// Jest Snapshot v1, https://goo.gl/fbAQLP

exports[`renders the UI as expected 1`] = `
<div
  id="Creation"
>
  <header
    className="Creation-Header"
  >
    New Recipe!
  </header>
  <form
    className="Creation-Form"
    onSubmit={[Function]}
  >
    <label
      className="field a-field a-field_a2"
    >
      Title:
      <input
        className="field__input a-field__input"
        name="title"
        placeholder="Title"
        required={true}
      />
      <span
        className="a-field__label-wrap"
      />
    </label>
    <label
      className="field a-field a-field_a2"
    >
      Instructions (separate by period): 
      <textarea
        className="field__input a-field__input"
        name="recipe_description"
        placeholder="Recipe description"
        required={true}
        type="text"
      />
      <span
        className="a-field__label-wrap"
      >
        <span
          className="a-field__label"
        />
      </span>
    </label>
    <label
      className="field a-field a-field_a2"
    >
      Ingredients (separate by commas):
      <input
        className="field__input a-field__input"
        name="recipe_ingredients"
        placeholder="Recipe ingredients"
        required={true}
        type="text"
      />
      <span
        className="a-field__label-wrap"
      >
        <span
          className="a-field__label"
        />
      </span>
    </label>
    <label
      className="field a-field a-field_a2"
    >
      Total Prep Time (in minutes):
      <input
        className="field__input a-field__input"
        name="time_to_make"
        placeholder="Time to make the recipe"
        required={true}
        type="textfield"
      />
      <span
        className="a-field__label-wrap"
      >
        <span
          className="a-field__label"
        />
      </span>
    </label>
    <div
      className="btn-row"
    >
      <button
        className="submitCreateRecipe"
      >
        Create recipe
      </button>
      <a
        href="/recipes"
        onClick={[Function]}
      >
        <button
          className="cancelEditRecipe"
        >
          Cancel
        </button>
      </a>
    </div>
  </form>
</div>
`;
