// Jest Snapshot v1, https://goo.gl/fbAQLP

exports[`renders the UI as expected 1`] = `
<div
  className="view"
  id="recipeView"
>
  <div
    className="image-container"
  >
    <div
      className="image"
      style={
        Object {
          "backgroundImage": "url(undefined)",
        }
      }
    />
  </div>
  <p
    className="recipePageHeader"
  >
    Title:
  </p>
  <p
    className="recipeInfo"
  />
  <p
    className="recipePageHeader"
  >
    Recipe Ingredients:
  </p>
  <p
    className="recipeInfo"
  />
  <p
    className="recipePageHeader"
  >
    Recipe Instructions: 
  </p>
  <p
    className="recipeInfo"
  />
  <p
    className="recipePageHeader"
  >
    Time to make the recipe:
  </p>
  <p
    className="recipeInfo"
  >
     Minutes
  </p>
  <p>
    Owner:
  </p>
  <p
    className="recipeInfo"
  />
  <span
    className="recipe-date_created"
  >
    Date Created: 
  </span>
  <div>
    <div
      className="delete-recipe-button-div"
    >
      <button
        className="delete-recipe-button"
        onClick={[Function]}
      >
        Delete Recipe
      </button>
    </div>
  </div>
  <div>
    <div
      className="ownerSelectors"
    >
      <a
        className="editRecipe"
        href="/Edit-Recipe/undefined"
        onClick={[Function]}
      >
        Edit Recipe
      </a>
    </div>
  </div>
  <a
    href="/recipes"
    onClick={[Function]}
  >
    <button
      className="cancel-view"
    >
      Cancel
    </button>
  </a>
</div>
`;
