// Jest Snapshot v1, https://goo.gl/fbAQLP

exports[`renders the UI as expected 1`] = `
<section
  className="recipeSection"
>
  <a
    href="/recipes/search"
    onClick={[Function]}
  >
    <button
      className="bigButton"
    >
      Search for new recipes
    </button>
  </a>
  <a
    href="/recipes/create"
    onClick={[Function]}
  >
    <button
      className="bigButton"
    >
      Create new recipe
    </button>
  </a>
  <h1
    id="recipeHeader"
  >
    My Recipes:
  </h1>
</section>
`;
