// Jest Snapshot v1, https://goo.gl/fbAQLP

exports[`renders the UI as expected 1`] = `
Array [
  <div>
    <button
      id="add-ingredient-button"
      onClick={[Function]}
    >
      Add an ingredient
    </button>
  </div>,
  <div />,
]
`;
