// Jest Snapshot v1, https://goo.gl/fbAQLP

exports[`renders the UI as expected 1`] = `
Array [
  <div
    className="modal-container"
  >
    <button
      className="edit-ingredient-button"
      onClick={[Function]}
    >
      View/Edit
    </button>
  </div>,
  <div />,
]
`;
