// Jest Snapshot v1, https://goo.gl/fbAQLP

exports[`renders the UI as expected 1`] = `
<div
  className="Landing"
>
  <header
    className="flex-container"
    id="Landing-Header"
  >
    <div
      className="flex-item branding"
    />
    <div
      className="flex-item"
    />
  </header>
  <section
    id="landingDocumentation"
  >
    <div
      className="site-description"
    >
      <p>
        Kitchen Helper is a best friend in the kitchen. This app combines the ability to track the items in your pantry, the opportunity to plan your meals for a given time period and puts a large database of recipes at your fingertips. You also have the ability to add your own recipes and create shopping lists once your meals are planned.
      </p>
      <p>
        Kitchen Helper will be a time and money saver, helping you create amazing meals at home while staying organized and never running out of that special ingredient you need for your amazing lasagna recipe.
      </p>
      <div
        className="login-signup"
      >
        <div
          className="LoginBtn"
        >
          <label
            className="login-label"
          >
            Login: 
          </label>
          <a
            className="login-btn"
            href="/login"
            onClick={[Function]}
          >
            Let's Get Cooking!
          </a>
        </div>
        <div
          className="RegistrationBtn"
        >
          <label
            className="registration-label"
          >
            Sign Up:
          </label>
          <a
            className="registration-btn"
            href="/register"
            onClick={[Function]}
          >
            Come Join the Fun!
          </a>
        </div>
      </div>
      <div
        className="sampleImages"
      >
        <img
          alt="Pantry Landing"
          className="landingSamples"
          id="recipe-search"
          src="pantryLanding.JPG"
        />
        <img
          alt="Meal Plan Landing"
          className="landingSamples"
          id="pantry-add-form"
          src="planLanding.JPG"
        />
        <img
          alt="Recipe Detail"
          className="landingSamples"
          id="meal-planning-add-button"
          src="recipeDetail.JPG"
        />
      </div>
    </div>
  </section>
  <section
    id="Landing-Buttons"
  >
    <hr
      id="Connect-Divider"
    />
    <div
      id="buttons"
    />
  </section>
</div>
`;
