// Jest Snapshot v1, https://goo.gl/fbAQLP

exports[`renders the UI as expected 1`] = `
<div
  className="login"
>
  <header
    className="Login-Header"
  />
  <form
    className="login-form"
    onSubmit={[Function]}
  >
    <label
      className="username-fields-label"
      htmlFor="user_name"
    >
      Username
    </label>
    <input
      className="username-fields"
      id="user_name"
      name="user_name"
      placeholder="Username"
      required={true}
    />
    <br />
    <label
      className="password-fields"
      htmlFor="password"
    >
      Password
    </label>
    <input
      className="password-fields"
      id="password"
      name="password"
      placeholder="Password"
      required={true}
      type="password"
    />
    <div
      className="btn-row"
    >
      <input
        className="submit-login"
        type="submit"
        value="Submit"
      />
      <br />
      <a
        href="/register"
        onClick={[Function]}
      >
        <button
          className="new-account"
        >
          Create an account
        </button>
      </a>
    </div>
  </form>
</div>
`;
